// Jest Snapshot v1, https://goo.gl/fbAQLP

exports[`testing App.js component should mount app component 1`] = `<App />`;
